src/controllers/app.controller.spec.ts(3,28): error TS2307: Cannot find module './app.service' or its corresponding type declarations.
src/controllers/auth.controller.ts(27,23): error TS2769: No overload matches this call.
  Overload 1 of 5, '(payload: string | object | Buffer<ArrayBufferLike>, secretOrPrivateKey: null, options?: (SignOptions & { algorithm: "none"; }) | undefined): string', gave the following error.
    Argument of type 'string' is not assignable to parameter of type 'null'.
  Overload 2 of 5, '(payload: string | object | Buffer<ArrayBufferLike>, secretOrPrivateKey: Buffer<ArrayBufferLike> | Secret | PrivateKeyInput | JsonWebKeyInput, options?: SignOptions | undefined): string', gave the following error.
    Type 'string' is not assignable to type 'number | StringValue | undefined'.
  Overload 3 of 5, '(payload: string | object | Buffer<ArrayBufferLike>, secretOrPrivateKey: Buffer<ArrayBufferLike> | Secret | PrivateKeyInput | JsonWebKeyInput, callback: SignCallback): void', gave the following error.
    Object literal may only specify known properties, and 'expiresIn' does not exist in type 'SignCallback'.
src/controllers/auth.controller.ts(50,23): error TS2769: No overload matches this call.
  Overload 1 of 5, '(payload: string | object | Buffer<ArrayBufferLike>, secretOrPrivateKey: null, options?: (SignOptions & { algorithm: "none"; }) | undefined): string', gave the following error.
    Argument of type 'string' is not assignable to parameter of type 'null'.
  Overload 2 of 5, '(payload: string | object | Buffer<ArrayBufferLike>, secretOrPrivateKey: Buffer<ArrayBufferLike> | Secret | PrivateKeyInput | JsonWebKeyInput, options?: SignOptions | undefined): string', gave the following error.
    Type 'string' is not assignable to type 'number | StringValue | undefined'.
  Overload 3 of 5, '(payload: string | object | Buffer<ArrayBufferLike>, secretOrPrivateKey: Buffer<ArrayBufferLike> | Secret | PrivateKeyInput | JsonWebKeyInput, callback: SignCallback): void', gave the following error.
    Object literal may only specify known properties, and 'expiresIn' does not exist in type 'SignCallback'.
src/services/goals.service.ts(14,75): error TS2749: 'GoalTemplate' refers to a value, but is being used as a type here. Did you mean 'typeof GoalTemplate'?
src/services/goals.service.ts(26,87): error TS2749: 'GoalTemplate' refers to a value, but is being used as a type here. Did you mean 'typeof GoalTemplate'?
src/services/goals.service.ts(39,54): error TS2749: 'GoalTemplate' refers to a value, but is being used as a type here. Did you mean 'typeof GoalTemplate'?
src/services/users.service.ts(10,33): error TS2749: 'User' refers to a value, but is being used as a type here. Did you mean 'typeof User'?
test/app.e2e-spec.ts(5,27): error TS2307: Cannot find module './../src/app.module' or its corresponding type declarations.
